// Jest Snapshot v1, https://goo.gl/fbAQLP

exports[`test Menu and MenuItem render the correct mode 1`] = `ReactWrapper {}`;
