// Jest Snapshot v1, https://goo.gl/fbAQLP

exports[`basic test should render correctly for different props TabPosition 1`] = `
Object {
  "asFragment": [Function],
  "baseElement": <body>
    <div>
      <div
        class="tabs tabs-inline tabs-default tabs-top"
      >
        <div
          class="tabs-label-container"
        >
          <div
            class="prev-button tabs-btn-diabled"
          >
            prev
          </div>
          <div
            class="next-button tabs-btn-diabled"
          >
            next
          </div>
          <div
            class="show-container"
          >
            <div
              class="tabs-label"
              style="transform: translate3d(0px,0px,0px);"
            >
              <div
                class="label-item active"
              >
                1
              </div>
              <div
                class="label-item"
              >
                2
              </div>
              <div
                class="tabs-slider"
                style="width: 0px; transform: translate3d(0px,0,0);"
              />
            </div>
          </div>
        </div>
      </div>
    </div>
  </body>,
  "container": <div>
    <div
      class="tabs tabs-inline tabs-default tabs-top"
    >
      <div
        class="tabs-label-container"
      >
        <div
          class="prev-button tabs-btn-diabled"
        >
          prev
        </div>
        <div
          class="next-button tabs-btn-diabled"
        >
          next
        </div>
        <div
          class="show-container"
        >
          <div
            class="tabs-label"
            style="transform: translate3d(0px,0px,0px);"
          >
            <div
              class="label-item active"
            >
              1
            </div>
            <div
              class="label-item"
            >
              2
            </div>
            <div
              class="tabs-slider"
              style="width: 0px; transform: translate3d(0px,0,0);"
            />
          </div>
        </div>
      </div>
    </div>
  </div>,
  "debug": [Function],
  "findAllByAltText": [Function],
  "findAllByDisplayValue": [Function],
  "findAllByLabelText": [Function],
  "findAllByPlaceholderText": [Function],
  "findAllByRole": [Function],
  "findAllByTestId": [Function],
  "findAllByText": [Function],
  "findAllByTitle": [Function],
  "findByAltText": [Function],
  "findByDisplayValue": [Function],
  "findByLabelText": [Function],
  "findByPlaceholderText": [Function],
  "findByRole": [Function],
  "findByTestId": [Function],
  "findByText": [Function],
  "findByTitle": [Function],
  "getAllByAltText": [Function],
  "getAllByDisplayValue": [Function],
  "getAllByLabelText": [Function],
  "getAllByPlaceholderText": [Function],
  "getAllByRole": [Function],
  "getAllByTestId": [Function],
  "getAllByText": [Function],
  "getAllByTitle": [Function],
  "getByAltText": [Function],
  "getByDisplayValue": [Function],
  "getByLabelText": [Function],
  "getByPlaceholderText": [Function],
  "getByRole": [Function],
  "getByTestId": [Function],
  "getByText": [Function],
  "getByTitle": [Function],
  "queryAllByAltText": [Function],
  "queryAllByDisplayValue": [Function],
  "queryAllByLabelText": [Function],
  "queryAllByPlaceholderText": [Function],
  "queryAllByRole": [Function],
  "queryAllByTestId": [Function],
  "queryAllByText": [Function],
  "queryAllByTitle": [Function],
  "queryByAltText": [Function],
  "queryByDisplayValue": [Function],
  "queryByLabelText": [Function],
  "queryByPlaceholderText": [Function],
  "queryByRole": [Function],
  "queryByTestId": [Function],
  "queryByText": [Function],
  "queryByTitle": [Function],
  "rerender": [Function],
  "unmount": [Function],
}
`;
